// Jest Snapshot v1, https://goo.gl/fbAQLP

exports[`reducer StartGameAction 1`] = `
{
  "distributor": 2,
  "phase": "Distributing",
  "pieceStartTime": 1614527659000,
  "toDistribute": [
    [
      34,
      90,
      66,
      70,
      52,
      39,
      55,
    ],
    [
      78,
      87,
      76,
      28,
      72,
      53,
      2,
    ],
    [
      30,
      15,
      58,
      98,
      96,
      45,
      83,
    ],
    [
      79,
      54,
      94,
      77,
      26,
      32,
      37,
    ],
  ],
  "totalToDistribute": 28,
}
`;

exports[`reducer StartGameAction 2`] = `
[
  [
    [
      48,
      47,
      16,
      20,
      4,
      19,
      6,
      5,
      46,
      18,
    ],
    [
      43,
      33,
      17,
      42,
      3,
      1,
      14,
      0,
      44,
      29,
    ],
    [
      31,
      null,
      null,
      null,
      null,
      null,
      null,
      null,
      null,
      null,
    ],
    [
      null,
      null,
      null,
      null,
      null,
      null,
      null,
      null,
      null,
      null,
    ],
    [
      null,
      null,
      null,
      null,
      null,
      null,
      null,
      null,
      null,
      null,
    ],
  ],
  [
    [
      49,
      35,
      38,
      8,
      12,
      24,
      22,
      25,
      21,
      41,
    ],
    [
      51,
      9,
      27,
      23,
      50,
      40,
      10,
      36,
      7,
      13,
    ],
    [
      11,
      null,
      null,
      null,
      null,
      null,
      null,
      null,
      null,
      null,
    ],
    [
      null,
      null,
      null,
      null,
      null,
      null,
      null,
      null,
      null,
      null,
    ],
    [
      null,
      null,
      null,
      null,
      null,
      null,
      null,
      null,
      null,
      null,
    ],
  ],
  [
    [
      56,
      103,
      99,
      89,
      61,
      88,
      104,
      86,
      62,
      84,
    ],
    [
      71,
      75,
      74,
      102,
      101,
      59,
      57,
      60,
      73,
      85,
    ],
    [
      100,
      null,
      null,
      null,
      null,
      null,
      null,
      null,
      null,
      null,
    ],
    [
      null,
      null,
      null,
      null,
      null,
      null,
      null,
      null,
      null,
      null,
    ],
    [
      null,
      null,
      null,
      null,
      null,
      null,
      null,
      null,
      null,
      null,
    ],
  ],
  [
    [
      65,
      68,
      81,
      67,
      105,
      111,
      91,
      93,
      82,
      106,
    ],
    [
      97,
      109,
      63,
      108,
      107,
      80,
      95,
      92,
      64,
      110,
    ],
    [
      69,
      null,
      null,
      null,
      null,
      null,
      null,
      null,
      null,
      null,
    ],
    [
      null,
      null,
      null,
      null,
      null,
      null,
      null,
      null,
      null,
      null,
    ],
    [
      null,
      null,
      null,
      null,
      null,
      null,
      null,
      null,
      null,
      null,
    ],
  ],
]
`;
